// Vitest Snapshot v1, https://vitest.dev/guide/snapshot.html

exports[`Edit.vue > Renders properly 1`] = `
"<div data-v-7a2e2f9a=\\"\\" class=\\"gradient-container\\">
  <div data-v-7a2e2f9a=\\"\\" class=\\"content\\">
    <div data-v-7a2e2f9a=\\"\\" class=\\"left\\">
      <h1>Edit Client</h1>
    </div>
    <div data-v-7a2e2f9a=\\"\\" class=\\"right\\">
      <form class=\\"v-form\\" novalidate=\\"\\">
        <div class=\\"v-window v-theme--light\\" height=\\"auto\\" hide-delimiters=\\"\\">
          <div class=\\"v-window__container\\">
            <transition-stub appear=\\"false\\" persisted=\\"false\\" css=\\"true\\" disabled=\\"true\\">
              <div class=\\"v-window-item v-window-item--active\\">
                <div>
                  <div data-v-5dc27b7c=\\"\\" class=\\"text-field\\"><label data-v-5dc27b7c=\\"\\">Name</label>
                    <div data-v-5dc27b7c=\\"\\" class=\\"v-input v-input--horizontal v-input--center-affix v-input--density-default v-locale--is-ltr v-input--dirty v-text-field\\">
                      <!---->
                      <div class=\\"v-input__control\\">
                        <div class=\\"v-field v-field--active v-field--center-affix v-field--dirty v-field--no-label v-field--variant-filled v-theme--light v-locale--is-ltr\\">
                          <div class=\\"v-field__overlay\\"></div>
                          <div class=\\"v-field__loader\\">
                            <div class=\\"v-progress-linear v-theme--light v-locale--is-ltr\\" style=\\"top: 0px; height: 0px; --v-progress-linear-height: 2px; left: 50%; transform: translateX(-50%);\\" role=\\"progressbar\\" aria-hidden=\\"true\\" aria-valuemin=\\"0\\" aria-valuemax=\\"100\\">
                              <!---->
                              <div class=\\"v-progress-linear__background\\" style=\\"width: 100%;\\"></div>
                              <transition-stub name=\\"fade-transition\\" appear=\\"false\\" persisted=\\"false\\" css=\\"true\\">
                                <div class=\\"v-progress-linear__indeterminate\\">
                                  <div class=\\"v-progress-linear__indeterminate long\\"></div>
                                  <div class=\\"v-progress-linear__indeterminate short\\"></div>
                                </div>
                              </transition-stub>
                              <!---->
                            </div>
                          </div>
                          <!---->
                          <div class=\\"v-field__field\\" data-no-activator=\\"\\">
                            <!----><label class=\\"v-label v-field-label\\" for=\\"input-1\\">
                              <!---->
                              <!---->
                            </label>
                            <!---->
                            <div class=\\"v-field__input\\" data-no-activator=\\"\\"><input name=\\"name\\" size=\\"1\\" type=\\"text\\" id=\\"input-1\\" aria-describedby=\\"input-1-messages\\"></div>
                            <!---->
                          </div>
                          <!---->
                          <!---->
                          <div class=\\"v-field__outline\\">
                            <!---->
                            <!---->
                          </div>
                        </div>
                      </div>
                      <!---->
                      <div class=\\"v-input__details\\">
                        <transition-group-stub name=\\"slide-y-transition\\" tag=\\"div\\" appear=\\"false\\" persisted=\\"false\\" css=\\"true\\" class=\\"v-messages\\" role=\\"alert\\" aria-live=\\"polite\\" id=\\"input-1-messages\\">
                          <!---->
                        </transition-group-stub>
                        <!---->
                      </div>
                    </div>
                  </div>
                  <div data-v-5dc27b7c=\\"\\" class=\\"text-field\\"><label data-v-5dc27b7c=\\"\\">Email</label>
                    <div data-v-5dc27b7c=\\"\\" class=\\"v-input v-input--horizontal v-input--center-affix v-input--density-default v-locale--is-ltr v-input--dirty v-text-field\\">
                      <!---->
                      <div class=\\"v-input__control\\">
                        <div class=\\"v-field v-field--active v-field--center-affix v-field--dirty v-field--no-label v-field--variant-filled v-theme--light v-locale--is-ltr\\">
                          <div class=\\"v-field__overlay\\"></div>
                          <div class=\\"v-field__loader\\">
                            <div class=\\"v-progress-linear v-theme--light v-locale--is-ltr\\" style=\\"top: 0px; height: 0px; --v-progress-linear-height: 2px; left: 50%; transform: translateX(-50%);\\" role=\\"progressbar\\" aria-hidden=\\"true\\" aria-valuemin=\\"0\\" aria-valuemax=\\"100\\">
                              <!---->
                              <div class=\\"v-progress-linear__background\\" style=\\"width: 100%;\\"></div>
                              <transition-stub name=\\"fade-transition\\" appear=\\"false\\" persisted=\\"false\\" css=\\"true\\">
                                <div class=\\"v-progress-linear__indeterminate\\">
                                  <div class=\\"v-progress-linear__indeterminate long\\"></div>
                                  <div class=\\"v-progress-linear__indeterminate short\\"></div>
                                </div>
                              </transition-stub>
                              <!---->
                            </div>
                          </div>
                          <!---->
                          <div class=\\"v-field__field\\" data-no-activator=\\"\\">
                            <!----><label class=\\"v-label v-field-label\\" for=\\"input-3\\">
                              <!---->
                              <!---->
                            </label>
                            <!---->
                            <div class=\\"v-field__input\\" data-no-activator=\\"\\"><input name=\\"email\\" size=\\"1\\" type=\\"text\\" id=\\"input-3\\" aria-describedby=\\"input-3-messages\\"></div>
                            <!---->
                          </div>
                          <!---->
                          <!---->
                          <div class=\\"v-field__outline\\">
                            <!---->
                            <!---->
                          </div>
                        </div>
                      </div>
                      <!---->
                      <div class=\\"v-input__details\\">
                        <transition-group-stub name=\\"slide-y-transition\\" tag=\\"div\\" appear=\\"false\\" persisted=\\"false\\" css=\\"true\\" class=\\"v-messages\\" role=\\"alert\\" aria-live=\\"polite\\" id=\\"input-3-messages\\">
                          <!---->
                        </transition-group-stub>
                        <!---->
                      </div>
                    </div>
                  </div>
                  <div data-v-5dc27b7c=\\"\\" class=\\"text-field\\"><label data-v-5dc27b7c=\\"\\">Phone</label>
                    <div data-v-5dc27b7c=\\"\\" class=\\"v-input v-input--horizontal v-input--center-affix v-input--density-default v-locale--is-ltr v-input--dirty v-text-field\\">
                      <!---->
                      <div class=\\"v-input__control\\">
                        <div class=\\"v-field v-field--active v-field--center-affix v-field--dirty v-field--no-label v-field--variant-filled v-theme--light v-locale--is-ltr\\">
                          <div class=\\"v-field__overlay\\"></div>
                          <div class=\\"v-field__loader\\">
                            <div class=\\"v-progress-linear v-theme--light v-locale--is-ltr\\" style=\\"top: 0px; height: 0px; --v-progress-linear-height: 2px; left: 50%; transform: translateX(-50%);\\" role=\\"progressbar\\" aria-hidden=\\"true\\" aria-valuemin=\\"0\\" aria-valuemax=\\"100\\">
                              <!---->
                              <div class=\\"v-progress-linear__background\\" style=\\"width: 100%;\\"></div>
                              <transition-stub name=\\"fade-transition\\" appear=\\"false\\" persisted=\\"false\\" css=\\"true\\">
                                <div class=\\"v-progress-linear__indeterminate\\">
                                  <div class=\\"v-progress-linear__indeterminate long\\"></div>
                                  <div class=\\"v-progress-linear__indeterminate short\\"></div>
                                </div>
                              </transition-stub>
                              <!---->
                            </div>
                          </div>
                          <!---->
                          <div class=\\"v-field__field\\" data-no-activator=\\"\\">
                            <!----><label class=\\"v-label v-field-label\\" for=\\"input-5\\">
                              <!---->
                              <!---->
                            </label>
                            <!---->
                            <div class=\\"v-field__input\\" data-no-activator=\\"\\"><input name=\\"phone\\" size=\\"1\\" type=\\"text\\" id=\\"input-5\\" aria-describedby=\\"input-5-messages\\"></div>
                            <!---->
                          </div>
                          <!---->
                          <!---->
                          <div class=\\"v-field__outline\\">
                            <!---->
                            <!---->
                          </div>
                        </div>
                      </div>
                      <!---->
                      <div class=\\"v-input__details\\">
                        <transition-group-stub name=\\"slide-y-transition\\" tag=\\"div\\" appear=\\"false\\" persisted=\\"false\\" css=\\"true\\" class=\\"v-messages\\" role=\\"alert\\" aria-live=\\"polite\\" id=\\"input-5-messages\\">
                          <!---->
                        </transition-group-stub>
                        <!---->
                      </div>
                    </div>
                  </div>
                  <div data-v-5dc27b7c=\\"\\" class=\\"text-field\\"><label data-v-5dc27b7c=\\"\\">Website</label>
                    <div data-v-5dc27b7c=\\"\\" class=\\"v-input v-input--horizontal v-input--center-affix v-input--density-default v-locale--is-ltr v-input--dirty v-text-field\\">
                      <!---->
                      <div class=\\"v-input__control\\">
                        <div class=\\"v-field v-field--active v-field--center-affix v-field--dirty v-field--no-label v-field--variant-filled v-theme--light v-locale--is-ltr\\">
                          <div class=\\"v-field__overlay\\"></div>
                          <div class=\\"v-field__loader\\">
                            <div class=\\"v-progress-linear v-theme--light v-locale--is-ltr\\" style=\\"top: 0px; height: 0px; --v-progress-linear-height: 2px; left: 50%; transform: translateX(-50%);\\" role=\\"progressbar\\" aria-hidden=\\"true\\" aria-valuemin=\\"0\\" aria-valuemax=\\"100\\">
                              <!---->
                              <div class=\\"v-progress-linear__background\\" style=\\"width: 100%;\\"></div>
                              <transition-stub name=\\"fade-transition\\" appear=\\"false\\" persisted=\\"false\\" css=\\"true\\">
                                <div class=\\"v-progress-linear__indeterminate\\">
                                  <div class=\\"v-progress-linear__indeterminate long\\"></div>
                                  <div class=\\"v-progress-linear__indeterminate short\\"></div>
                                </div>
                              </transition-stub>
                              <!---->
                            </div>
                          </div>
                          <!---->
                          <div class=\\"v-field__field\\" data-no-activator=\\"\\">
                            <!----><label class=\\"v-label v-field-label\\" for=\\"input-7\\">
                              <!---->
                              <!---->
                            </label>
                            <!---->
                            <div class=\\"v-field__input\\" data-no-activator=\\"\\"><input name=\\"website\\" placeholder=\\"https://\\" size=\\"1\\" type=\\"text\\" id=\\"input-7\\" aria-describedby=\\"input-7-messages\\"></div>
                            <!---->
                          </div>
                          <!---->
                          <!---->
                          <div class=\\"v-field__outline\\">
                            <!---->
                            <!---->
                          </div>
                        </div>
                      </div>
                      <!---->
                      <div class=\\"v-input__details\\">
                        <transition-group-stub name=\\"slide-y-transition\\" tag=\\"div\\" appear=\\"false\\" persisted=\\"false\\" css=\\"true\\" class=\\"v-messages\\" role=\\"alert\\" aria-live=\\"polite\\" id=\\"input-7-messages\\">
                          <!---->
                        </transition-group-stub>
                        <!---->
                      </div>
                    </div>
                  </div><button data-v-3c9d0845=\\"\\" type=\\"button\\" class=\\"v-btn v-btn--flat v-theme--light bg-transparent v-btn--density-default v-btn--size-default v-btn--variant-elevated\\"><span class=\\"v-btn__overlay\\"></span><span class=\\"v-btn__underlay\\"></span>
                    <!----><span class=\\"v-btn__content\\" data-no-activator=\\"\\"> Cancel </span>
                    <!---->
                    <!---->
                  </button><button data-v-3c9d0845=\\"\\" type=\\"button\\" class=\\"v-btn v-btn--flat v-theme--light bg-secondary v-btn--density-default v-btn--size-default v-btn--variant-elevated\\"><span class=\\"v-btn__overlay\\"></span><span class=\\"v-btn__underlay\\"></span>
                    <!----><span class=\\"v-btn__content\\" data-no-activator=\\"\\"> Next </span>
                    <!---->
                    <!---->
                  </button>
                </div>
              </div>
            </transition-stub>
            <transition-stub appear=\\"false\\" persisted=\\"false\\" css=\\"true\\" disabled=\\"true\\">
              <div class=\\"v-window-item\\" style=\\"display: none;\\">
                <!---->
              </div>
            </transition-stub>
            <!---->
          </div>
          <!---->
        </div>
      </form>
    </div>
  </div>
</div>"
`;
