// Vitest Snapshot v1, https://vitest.dev/guide/snapshot.html

exports[`Index.vue > Renders properly 1`] = `
"<div class=\\"v-container v-locale--is-ltr\\">
  <div class=\\"v-row align-center justify-start\\">
    <div class=\\"v-col\\">
      <h1 class=\\"title\\">Clients</h1>
    </div>
    <div class=\\"v-col\\" align=\\"end\\"><a data-v-3c9d0845=\\"\\" class=\\"v-btn v-btn--flat v-theme--light bg-primary v-btn--density-default v-btn--size-default v-btn--variant-elevated\\"><span class=\\"v-btn__overlay\\"></span><span class=\\"v-btn__underlay\\"></span>
        <!----><span class=\\"v-btn__content\\" data-no-activator=\\"\\"><i class=\\"mdi-account-plus mdi v-icon notranslate v-theme--light v-icon--size-default\\" aria-hidden=\\"true\\"></i> Add Client </span>
        <!---->
        <!---->
      </a></div>
  </div>
  <div class=\\"v-row\\">
    <div class=\\"v-col\\">
      <div class=\\"v-table v-table--has-top v-table--has-bottom v-theme--light v-table--density-default v-data-table v-data-table--loading pa-4\\">
        <div class=\\"v-container v-locale--is-ltr\\">
          <div class=\\"v-row\\">
            <div class=\\"v-col-sm-6 v-col-md-4 v-col-12\\">
              <div data-v-5dc27b7c=\\"\\" class=\\"mt-n4 text-field\\">
                <!--v-if-->
                <div data-v-5dc27b7c=\\"\\" class=\\"v-input v-input--horizontal v-input--density-default v-locale--is-ltr v-text-field v-input--plain-underlined\\">
                  <!---->
                  <div class=\\"v-input__control\\">
                    <div class=\\"v-field v-field--appended v-field--single-line v-field--no-label v-field--variant-underlined v-theme--light v-locale--is-ltr\\">
                      <div class=\\"v-field__overlay\\"></div>
                      <div class=\\"v-field__loader\\">
                        <div class=\\"v-progress-linear v-theme--light v-locale--is-ltr\\" style=\\"top: 0px; height: 0px; --v-progress-linear-height: 2px; left: 50%; transform: translateX(-50%);\\" role=\\"progressbar\\" aria-hidden=\\"true\\" aria-valuemin=\\"0\\" aria-valuemax=\\"100\\">
                          <!---->
                          <div class=\\"v-progress-linear__background\\" style=\\"width: 100%;\\"></div>
                          <transition-stub name=\\"fade-transition\\" appear=\\"false\\" persisted=\\"false\\" css=\\"true\\">
                            <div class=\\"v-progress-linear__indeterminate\\">
                              <div class=\\"v-progress-linear__indeterminate long\\"></div>
                              <div class=\\"v-progress-linear__indeterminate short\\"></div>
                            </div>
                          </transition-stub>
                          <!---->
                        </div>
                      </div>
                      <!---->
                      <div class=\\"v-field__field\\" data-no-activator=\\"\\">
                        <!----><label class=\\"v-label v-field-label\\" for=\\"input-1\\">
                          <!---->
                          <!---->
                        </label>
                        <!---->
                        <div class=\\"v-field__input\\" data-no-activator=\\"\\"><input placeholder=\\"Search\\" size=\\"1\\" type=\\"text\\" id=\\"input-1\\" aria-describedby=\\"input-1-messages\\"></div>
                        <!---->
                      </div>
                      <transition-stub name=\\"expand-x-transition\\" appear=\\"false\\" persisted=\\"false\\" css=\\"true\\">
                        <div class=\\"v-field__clearable\\" style=\\"display: none;\\"><i class=\\"mdi-close-circle mdi v-icon notranslate v-theme--light v-icon--size-default v-icon--clickable\\" role=\\"button\\" aria-hidden=\\"false\\" aria-label=\\"Clear \\"></i></div>
                      </transition-stub>
                      <div class=\\"v-field__append-inner\\"><i class=\\"mdi-magnify mdi v-icon notranslate v-theme--light v-icon--size-default v-icon--clickable\\" role=\\"button\\" aria-hidden=\\"false\\"></i>
                        <!---->
                      </div>
                      <div class=\\"v-field__outline\\">
                        <!---->
                        <!---->
                      </div>
                    </div>
                  </div>
                  <!---->
                  <!---->
                </div>
              </div>
            </div>
          </div>
        </div>
        <div class=\\"v-table__wrapper\\">
          <table>
            <!---->
            <thead class=\\"v-data-table__thead\\" role=\\"rowgroup\\">
              <tr>
                <th class=\\"v-data-table__td v-data-table-column--align-start v-data-table__th v-data-table__th--sortable v-data-table-headers--loading\\" colspan=\\"1\\" rowspan=\\"1\\">
                  <div class=\\"v-data-table-header__content\\"><span>Name</span><i class=\\"mdi-arrow-up mdi v-icon notranslate v-theme--light v-icon--size-default v-data-table-header__sort-icon\\" aria-hidden=\\"true\\"></i>
                    <!---->
                  </div>
                </th>
                <th class=\\"v-data-table__td v-data-table-column--align-start v-data-table__th v-data-table__th--sortable v-data-table-headers--loading\\" colspan=\\"1\\" rowspan=\\"1\\">
                  <div class=\\"v-data-table-header__content\\"><span>Email</span><i class=\\"mdi-arrow-up mdi v-icon notranslate v-theme--light v-icon--size-default v-data-table-header__sort-icon\\" aria-hidden=\\"true\\"></i>
                    <!---->
                  </div>
                </th>
                <th class=\\"v-data-table__td v-data-table-column--align-end v-data-table__th v-data-table-headers--loading\\" colspan=\\"1\\" rowspan=\\"1\\">
                  <div class=\\"v-data-table-header__content\\"><span><!----></span>
                    <!---->
                    <!---->
                  </div>
                </th>
              </tr>
              <tr class=\\"v-data-table-progress\\">
                <th colspan=\\"3\\">
                  <div class=\\"v-data-table-progress__loader\\">
                    <div class=\\"v-progress-linear v-progress-linear--absolute v-theme--light v-locale--is-ltr\\" style=\\"top: 0px; height: 2px; --v-progress-linear-height: 2px; left: 50%; transform: translateX(-50%);\\" role=\\"progressbar\\" aria-hidden=\\"false\\" aria-valuemin=\\"0\\" aria-valuemax=\\"100\\">
                      <!---->
                      <div class=\\"v-progress-linear__background\\" style=\\"width: 100%;\\"></div>
                      <transition-stub name=\\"fade-transition\\" appear=\\"false\\" persisted=\\"false\\" css=\\"true\\">
                        <div class=\\"v-progress-linear__indeterminate\\">
                          <div class=\\"v-progress-linear__indeterminate long\\"></div>
                          <div class=\\"v-progress-linear__indeterminate short\\"></div>
                        </div>
                      </transition-stub>
                      <!---->
                    </div>
                  </div>
                </th>
              </tr>
            </thead>
            <!---->
            <tbody class=\\"v-data-table__tbody\\" role=\\"rowgroup\\">
              <!---->
              <tr class=\\"v-data-table-rows-loading\\">
                <td colspan=\\"3\\">Loading items...</td>
              </tr>
              <!---->
            </tbody>
            <!---->
            <!---->
          </table>
        </div>
        <hr class=\\"v-divider v-theme--light\\" aria-orientation=\\"horizontal\\" role=\\"separator\\">
        <div class=\\"v-data-table-footer py-4\\">
          <!---->
          <div class=\\"v-data-table-footer__items-per-page\\"><span>Items per page:</span>
            <div class=\\"v-input v-input--horizontal v-input--center-affix v-input--density-compact v-locale--is-ltr v-input--dirty v-text-field v-select v-select--single v-select--selected\\">
              <!---->
              <div class=\\"v-input__control\\">
                <div class=\\"v-field v-field--active v-field--appended v-field--center-affix v-field--dirty v-field--no-label v-field--variant-outlined v-theme--light v-locale--is-ltr\\" role=\\"combobox\\" aria-haspopup=\\"listbox\\" aria-expanded=\\"false\\" aria-owns=\\"v-menu-5\\">
                  <div class=\\"v-field__overlay\\"></div>
                  <div class=\\"v-field__loader\\">
                    <div class=\\"v-progress-linear v-theme--light v-locale--is-ltr\\" style=\\"top: 0px; height: 0px; --v-progress-linear-height: 2px; left: 50%; transform: translateX(-50%);\\" role=\\"progressbar\\" aria-hidden=\\"true\\" aria-valuemin=\\"0\\" aria-valuemax=\\"100\\">
                      <!---->
                      <div class=\\"v-progress-linear__background\\" style=\\"width: 100%;\\"></div>
                      <transition-stub name=\\"fade-transition\\" appear=\\"false\\" persisted=\\"false\\" css=\\"true\\">
                        <div class=\\"v-progress-linear__indeterminate\\">
                          <div class=\\"v-progress-linear__indeterminate long\\"></div>
                          <div class=\\"v-progress-linear__indeterminate short\\"></div>
                        </div>
                      </transition-stub>
                      <!---->
                    </div>
                  </div>
                  <!---->
                  <div class=\\"v-field__field\\" data-no-activator=\\"\\">
                    <!----><label class=\\"v-label v-field-label\\" for=\\"input-3\\">
                      <!---->
                      <!---->
                    </label>
                    <!---->
                    <div class=\\"v-field__input\\" data-no-activator=\\"\\">
                      <!---->
                      <!---->
                      <div class=\\"v-select__selection\\"><span class=\\"v-select__selection-text\\">10<!----></span></div><input size=\\"1\\" type=\\"text\\" id=\\"input-3\\" aria-describedby=\\"input-3-messages\\" inputmode=\\"none\\" aria-label=\\"Open\\" title=\\"Open\\">
                    </div>
                    <!---->
                  </div>
                  <!---->
                  <div class=\\"v-field__append-inner\\">
                    <!----><i class=\\"mdi-menu-down mdi v-icon notranslate v-theme--light v-icon--size-default v-select__menu-icon\\" aria-hidden=\\"true\\"></i>
                    <!---->
                  </div>
                  <div class=\\"v-field__outline\\">
                    <div class=\\"v-field__outline__start\\"></div>
                    <!---->
                    <div class=\\"v-field__outline__end\\"></div>
                    <!---->
                  </div>
                </div>
              </div>
              <!---->
              <!---->
            </div>
          </div>
          <div class=\\"v-data-table-footer__info\\">
            <div>0-NaN of NaN</div>
          </div>
          <div class=\\"v-data-table-footer__pagination\\">
            <nav class=\\"v-pagination v-theme--light\\" role=\\"navigation\\" aria-label=\\"Pagination Navigation\\" data-test=\\"v-pagination-root\\">
              <ul class=\\"v-pagination__list\\">
                <li class=\\"v-pagination__first\\" data-test=\\"v-pagination-first\\"><button type=\\"button\\" class=\\"v-btn v-btn--disabled v-btn--icon v-theme--light v-btn--density-comfortable v-btn--rounded v-btn--size-default v-btn--variant-plain\\" disabled=\\"\\" arialabel=\\"First page\\" ariadisabled=\\"true\\"><span class=\\"v-btn__overlay\\"></span><span class=\\"v-btn__underlay\\"></span>
                    <!----><span class=\\"v-btn__content\\" data-no-activator=\\"\\"><i class=\\"mdi-page-first mdi v-icon notranslate v-theme--light v-icon--size-default\\" aria-hidden=\\"true\\"></i></span>
                    <!---->
                    <!---->
                  </button></li>
                <li class=\\"v-pagination__prev\\" data-test=\\"v-pagination-prev\\"><button type=\\"button\\" class=\\"v-btn v-btn--disabled v-btn--icon v-theme--light v-btn--density-comfortable v-btn--rounded v-btn--size-default v-btn--variant-plain\\" disabled=\\"\\" arialabel=\\"Previous page\\" ariadisabled=\\"true\\"><span class=\\"v-btn__overlay\\"></span><span class=\\"v-btn__underlay\\"></span>
                    <!----><span class=\\"v-btn__content\\" data-no-activator=\\"\\"><i class=\\"mdi-chevron-left mdi v-icon notranslate v-theme--light v-icon--size-default\\" aria-hidden=\\"true\\"></i></span>
                    <!---->
                    <!---->
                  </button></li>
                <li class=\\"v-pagination__next\\" data-test=\\"v-pagination-next\\"><button type=\\"button\\" class=\\"v-btn v-btn--icon v-theme--light v-btn--density-comfortable v-btn--rounded v-btn--size-default v-btn--variant-plain\\" arialabel=\\"Next page\\" ariadisabled=\\"false\\"><span class=\\"v-btn__overlay\\"></span><span class=\\"v-btn__underlay\\"></span>
                    <!----><span class=\\"v-btn__content\\" data-no-activator=\\"\\"><i class=\\"mdi-chevron-right mdi v-icon notranslate v-theme--light v-icon--size-default\\" aria-hidden=\\"true\\"></i></span>
                    <!---->
                    <!---->
                  </button></li>
                <li class=\\"v-pagination__last\\" data-test=\\"v-pagination-last\\"><button type=\\"button\\" class=\\"v-btn v-btn--icon v-theme--light v-btn--density-comfortable v-btn--rounded v-btn--size-default v-btn--variant-plain\\" arialabel=\\"Last page\\" ariadisabled=\\"false\\"><span class=\\"v-btn__overlay\\"></span><span class=\\"v-btn__underlay\\"></span>
                    <!----><span class=\\"v-btn__content\\" data-no-activator=\\"\\"><i class=\\"mdi-page-last mdi v-icon notranslate v-theme--light v-icon--size-default\\" aria-hidden=\\"true\\"></i></span>
                    <!---->
                    <!---->
                  </button></li>
              </ul>
            </nav>
          </div>
        </div>
      </div>
    </div>
  </div>
</div>"
`;
